((exl . id *** repr . exr . id) . dup) .
(addC *** repr . abst . abst . curry (dup . exr)) . dup