((exl . id *** apply . ((id *** const 1.0) . dup) . repr . exr . id) . dup) .
(addC *** repr . abst . abst . curry (dup . exr)) . dup