((exl . id *** apply . ((id *** const 1.0) . dup) . repr . exr . id) . dup) .
second repr .
apply .
(curry
 ((exr ***
   abst .
   abst .
   curry mulC . apply . (curry exl . negateC . sinC . exl *** exr) . dup) .
  dup) ***
 cosC) .
dup