digraph cos_2x_adr {
  margin=0
  compound=true
  rankdir=LR
  node [shape=Mrecord]
  edge [fontsize=8,fontcolor=indigo]
  bgcolor=transparent
  nslimit=20
  subgraph clusterc0 { label=""; color=white; margin=0; c0 [label="{In|{<Out0>}}"] }
  subgraph clusterc1 { label=""; color=white; margin=0; c1 [label="{2.0|{<Out0>}}"] }
  subgraph clusterc322 { label=""; color=white; margin=0; c322 [label="{{<In0>|<In1>}|\×|{<Out0>}}"] }
  subgraph clusterc591 { label=""; color=white; margin=0; c591 [label="{{<In0>}|cos|{<Out0>}}"] }
  subgraph clusterc592 { label=""; color=white; margin=0; c592 [label="{{<In0>}|sin|{<Out0>}}"] }
  subgraph cluster_751 {
    margin=8
    fontsize=20
    labeljust=r
    color=DarkGreen
    c747 [label="{{<In0>|<In1>}|\×|{<Out0>}}"]
    c743 [label="{{<In0>|<In1>}|\×|{<Out0>}}"]
    c742 [label="{In|{<Out0>}}"]
    c750 [label="{{<In0>}|Out}"]
    c748 [label="{{<In0>}|negate|{<Out0>}}"]
    c1:Out0 -> c747:In0 [label="Double"]
    c743:Out0 -> c747:In1 [label="Double"]
    c592:Out0 -> c743:In0 [label="Double"]
    c742:Out0 -> c743:In1 [label="Double"]
    c748:Out0 -> c750:In0 [label="Double"]
    c747:Out0 -> c748:In0 [label="Double"]
  }
  subgraph clusterc752 { label=""; color=white; margin=0; c752 [label="{{<In0>|<In1>}|Out}"] }
  c0:Out0 -> c322:In0 [label="Double"]
  c1:Out0 -> c322:In1 [label="Double"]
  c322:Out0 -> c591:In0 [label="Double"]
  c322:Out0 -> c592:In0 [label="Double"]
  c591:Out0 -> c752:In0 [label="Double"]
  c750 -> c752:In1 [ltail=cluster_751,label="Double ’ Double"]
}
