digraph cos_xpy_adr {
  margin=0
  compound=true
  rankdir=LR
  node [shape=Mrecord]
  edge [fontsize=8,fontcolor=indigo]
  bgcolor=transparent
  nslimit=20
  subgraph clusterc0 { label=""; color=white; margin=0; c0 [label="{In|{<Out0>|<Out1>}}"] }
  subgraph clusterc1 { label=""; color=white; margin=0; c1 [label="{{<In0>|<In1>}|+|{<Out0>}}"] }
  subgraph clusterc62 { label=""; color=white; margin=0; c62 [label="{{<In0>}|cos|{<Out0>}}"] }
  subgraph clusterc63 { label=""; color=white; margin=0; c63 [label="{{<In0>}|sin|{<Out0>}}"] }
  subgraph cluster_119 {
    margin=8
    fontsize=20
    labeljust=r
    color=DarkGreen
    c116 [label="{{<In0>|<In1>}|\×|{<Out0>}}"]
    c115 [label="{In|{<Out0>}}"]
    c118 [label="{{<In0>|<In1>}|Out}"]
    c117 [label="{{<In0>}|negate|{<Out0>}}"]
    c63:Out0 -> c116:In0 [label="Double"]
    c115:Out0 -> c116:In1 [label="Double"]
    c117:Out0 -> c118:In0 [label="Double"]
    c117:Out0 -> c118:In1 [label="Double"]
    c116:Out0 -> c117:In0 [label="Double"]
  }
  subgraph clusterc120 { label=""; color=white; margin=0; c120 [label="{{<In0>|<In1>}|Out}"] }
  c0:Out0 -> c1:In0 [label="Double"]
  c0:Out1 -> c1:In1 [label="Double"]
  c1:Out0 -> c62:In0 [label="Double"]
  c1:Out0 -> c63:In0 [label="Double"]
  c62:Out0 -> c120:In0 [label="Double"]
  c118 -> c120:In1 [ltail=cluster_119,label="Double ’ Double × Double"]
}
