digraph cos_2x_gradr {
  margin=0
  compound=true
  rankdir=LR
  node [shape=Mrecord]
  edge [fontsize=8,fontcolor=indigo]
  bgcolor=transparent
  nslimit=20
  c0 [label="{In|{<Out0>}}"]
  c1 [label="{2.0|{<Out0>}}"]
  c322 [label="{{<In0>|<In1>}|\×|{<Out0>}}"]
  c591 [label="{{<In0>}|cos|{<Out0>}}"]
  c592 [label="{{<In0>}|sin|{<Out0>}}"]
  c755 [label="{{<In0>|<In1>}|\×|{<Out0>}}"]
  c756 [label="{{<In0>}|negate|{<Out0>}}"]
  c758 [label="{{<In0>|<In1>}|Out}"]
  c0:Out0 -> c322:In0 [label="Double"]
  c1:Out0 -> c322:In1 [label="Double"]
  c322:Out0 -> c591:In0 [label="Double"]
  c322:Out0 -> c592:In0 [label="Double"]
  c1:Out0 -> c755:In0 [label="Double"]
  c592:Out0 -> c755:In1 [label="Double"]
  c755:Out0 -> c756:In0 [label="Double"]
  c591:Out0 -> c758:In0 [label="Double"]
  c756:Out0 -> c758:In1 [label="Double"]
}
