digraph cos_2x_adf {
  margin=0
  compound=true
  rankdir=LR
  node [shape=Mrecord]
  edge [fontsize=8,fontcolor=indigo]
  bgcolor=transparent
  nslimit=20
  subgraph clusterc0 { label=""; color=white; margin=0; c0 [label="{In|{<Out0>}}"] }
  subgraph clusterc1 { label=""; color=white; margin=0; c1 [label="{2.0|{<Out0>}}"] }
  subgraph clusterc174 { label=""; color=white; margin=0; c174 [label="{{<In0>|<In1>}|\×|{<Out0>}}"] }
  subgraph clusterc310 { label=""; color=white; margin=0; c310 [label="{{<In0>}|cos|{<Out0>}}"] }
  subgraph clusterc311 { label=""; color=white; margin=0; c311 [label="{{<In0>}|sin|{<Out0>}}"] }
  subgraph cluster_393 {
    margin=8
    fontsize=20
    labeljust=r
    color=DarkGreen
    c389 [label="{{<In0>|<In1>}|\×|{<Out0>}}"]
    c390 [label="{{<In0>|<In1>}|\×|{<Out0>}}"]
    c387 [label="{In|{<Out0>}}"]
    c392 [label="{{<In0>}|Out}"]
    c391 [label="{{<In0>}|negate|{<Out0>}}"]
    c1:Out0 -> c389:In0 [label="Double"]
    c387:Out0 -> c389:In1 [label="Double"]
    c311:Out0 -> c390:In0 [label="Double"]
    c389:Out0 -> c390:In1 [label="Double"]
    c391:Out0 -> c392:In0 [label="Double"]
    c390:Out0 -> c391:In0 [label="Double"]
  }
  subgraph clusterc394 { label=""; color=white; margin=0; c394 [label="{{<In0>|<In1>}|Out}"] }
  c0:Out0 -> c174:In0 [label="Double"]
  c1:Out0 -> c174:In1 [label="Double"]
  c174:Out0 -> c310:In0 [label="Double"]
  c174:Out0 -> c311:In0 [label="Double"]
  c310:Out0 -> c394:In0 [label="Double"]
  c392 -> c394:In1 [ltail=cluster_393,label="Double ’ Double"]
}
