second (id . repr) .
apply .
((curry
  (apply .
   (curry
    ((exr ***
      apply .
      (curry (abst . apply . (exl *** repr . exr) . dup) .
       curry
       (curry
        (apply . (exl . exl *** apply . (exr . exl *** exr) . dup) . dup)) .
       repr .
       abst .
       curry mulC .
       apply . (curry exl . negateC . sinC . exl . exr . exl *** exr) . dup ***
       apply .
       (curry (abst . apply . (exl *** repr . exr) . dup) .
        curry
        (curry
         (apply . (exl . exl *** apply . (exr . exl *** exr) . dup) . dup)) .
        repr . exr . exr . exl ***
        apply .
        (curry (abst . apply . (exl *** repr . exr) . dup) .
         curry
         (curry
          (apply . (exl . exl *** apply . (exr . exl *** exr) . dup) . dup)) .
         repr . exr . exl . exl ***
         abst . curry (dup . exr)) .
        dup) .
       dup) .
      dup) .
     dup) ***
    cosC . exl . exr) .
   dup) ***
  ((mulC ***
    apply .
    (curry
     (abst .
      curry (addC . apply) .
      apply .
      (curry
       (curry
        ((apply . (exl . exl *** exl . exr) . dup ***
          apply . (exr . exl *** exr . exr) . dup) .
         dup)) .
       repr . exl ***
       repr . exr) .
      dup) .
     abst . curry mulC . exr ***
     abst . curry mulC . exl) .
    dup) .
   dup) .
  exl) .
 dup) .
(((const 2.0 *** exr) . dup ***
  abst .
  curry ((const 0.0 *** apply . (exl *** exr . exr) . dup) . dup) .
  repr . abst . curry exr) .
 dup) .
dup