((exl . id *** repr . exr . id) . dup) .
second repr .
((addC . exl ***
  abst .
  apply .
  ((curry (abst . apply . (exl *** repr . exr) . dup) .
    curry
    (curry (apply . (exl . exl *** apply . (exr . exl *** exr) . dup) . dup)) .
    repr . repr ***
    abst . curry (dup . exr)) .
   dup) .
  apply .
  (curry
   (abst .
    apply .
    (curry (abst . apply . (exl *** repr . exr) . dup) .
     curry
     (curry (apply . (exl . exl *** apply . (exr . exl *** exr) . dup) . dup)) .
     repr . repr . exr ***
     exl) .
    dup) .
   repr . exr ***
   abst .
   abst .
   curry
   (((addC . (exl . exr . exl *** exl . exr) . dup ***
      addC . (exr . exr . exl *** exr . exr) . dup) .
     dup) .
    ((id *** exr . exl) . dup) . ((id *** exl) . dup) . exr)) .
  dup) .
 dup) .
apply .
((curry
  (apply .
   (curry
    (apply .
     (curry
      (apply .
       (curry
        (((exl . exr *** exl . exr . exl . exl) . dup ***
          apply .
          (curry (abst . apply . (exl *** repr . exr) . dup) .
           curry (abst . apply . (exl *** repr . exr) . dup) .
           curry
           (curry
            ((apply . (exl . exl *** exl . exr) . dup ***
              apply . (exr . exl *** exr . exr) . dup) .
             dup)) .
           repr .
           repr .
           apply .
           (curry
            (abst .
             apply .
             (curry (abst . apply . (exl *** repr . exr) . dup) .
              curry
              (curry
               (apply .
                (exl . exl *** apply . (exr . exl *** exr) . dup) . dup)) .
              repr . repr . exr ***
              exl) .
             dup) .
            repr . exr . exr ***
            apply .
            (curry
             (abst .
              apply .
              (curry (abst . apply . (exl *** repr . exr) . dup) .
               curry
               (curry
                (apply .
                 (exl . exl *** apply . (exr . exl *** exr) . dup) . dup)) .
               repr . repr . exr ***
               exl) .
              dup) .
             repr . exr . exr . exl ***
             abst .
             abst .
             curry
             (((addC . (exl . exr . exl *** exl . exr) . dup ***
                addC . (exr . exr . exl *** exr . exr) . dup) .
               dup) .
              ((id *** exr . exl) . dup) . ((id *** exl) . dup) . exr)) .
            dup) .
           dup ***
           apply .
           (curry
            (abst .
             apply .
             (curry (abst . apply . (exl *** repr . exr) . dup) .
              curry
              (curry
               (apply .
                (exl . exl *** apply . (exr . exl *** exr) . dup) . dup)) .
              repr . repr . exr ***
              exl) .
             dup) .
            repr . exr . exr . exl . exl ***
            apply .
            (curry
             (abst .
              apply .
              (curry (abst . apply . (exl *** repr . exr) . dup) .
               curry
               (curry
                (apply .
                 (exl . exl *** apply . (exr . exl *** exr) . dup) . dup)) .
               repr . repr . exr ***
               exl) .
              dup) .
             repr . exr . exr . exl . exl . exl ***
             abst .
             abst .
             curry
             (((addC . (exl . exr . exl *** exl . exr) . dup ***
                addC . (exr . exr . exl *** exr . exr) . dup) .
               dup) .
              ((id *** exr . exl) . dup) . ((id *** exl) . dup) . exr)) .
            dup) .
           dup) .
          dup) .
         dup) ***
        ((mulC ***
          apply .
          (curry
           (abst .
            apply .
            (curry (abst . apply . (exl *** repr . exr) . dup) .
             curry
             (curry
              (apply .
               (exl . exl *** apply . (exr . exl *** exr) . dup) . dup)) .
             repr .
             apply .
             (curry (abst . apply . (exl *** repr . exr) . dup) .
              curry
              (curry
               ((apply . (exl . exl *** exl . exr) . dup ***
                 apply . (exr . exl *** exr . exr) . dup) .
                dup)) .
              repr . repr . exl ***
              repr . exr) .
             dup ***
             abst . curry (dup . exr)) .
            dup) .
           abst . abst . curry mulC . exr ***
           abst . abst . curry mulC . exl) .
          dup) .
         dup) .
        exl . exr) .
       dup) ***
      (((exl . exl *** exl . exr) . dup ***
        abst .
        abst .
        curry
        ((((id *** const 0.0) . dup) . exl . exr ***
          apply . (exl *** exr . exr) . dup) .
         dup) .
        repr . repr . abst . abst . curry (((id *** const 0.0) . dup) . exr)) .
       dup) .
      dup . exl . exl . exl) .
     dup) ***
    ((mulC ***
      apply .
      (curry
       (abst .
        apply .
        (curry (abst . apply . (exl *** repr . exr) . dup) .
         curry
         (curry
          (apply . (exl . exl *** apply . (exr . exl *** exr) . dup) . dup)) .
         repr .
         apply .
         (curry (abst . apply . (exl *** repr . exr) . dup) .
          curry
          (curry
           ((apply . (exl . exl *** exl . exr) . dup ***
             apply . (exr . exl *** exr . exr) . dup) .
            dup)) .
          repr . repr . exl ***
          repr . exr) .
         dup ***
         abst . curry (dup . exr)) .
        dup) .
       abst . abst . curry mulC . exr ***
       abst . abst . curry mulC . exl) .
      dup) .
     dup) .
    exl . exr) .
   dup) ***
  (((exr . exl *** exr . exr) . dup ***
    abst .
    abst .
    curry
    ((((const 0.0 *** id) . dup) . exl . exr ***
      apply . (exl *** exr . exr) . dup) .
     dup) .
    repr . repr . abst . abst . curry (((const 0.0 *** id) . dup) . exr)) .
   dup) .
  dup . exr) .
 dup) .
dup