digraph magSqr_adr {
  margin=0
  compound=true
  rankdir=LR
  node [shape=Mrecord]
  edge [fontsize=8,fontcolor=indigo]
  bgcolor=transparent
  nslimit=20
  subgraph clusterc0 { label=""; color=white; margin=0; c0 [label="{In|{<Out0>|<Out1>}}"] }
  subgraph clusterc3792 { label=""; color=white; margin=0; c3792 [label="{{<In0>|<In1>}|\×|{<Out0>}}"] }
  subgraph clusterc4758 { label=""; color=white; margin=0; c4758 [label="{{<In0>|<In1>}|\×|{<Out0>}}"] }
  subgraph clusterc5101 { label=""; color=white; margin=0; c5101 [label="{{<In0>|<In1>}|+|{<Out0>}}"] }
  subgraph cluster_5195 {
    margin=8
    fontsize=20
    labeljust=r
    color=DarkGreen
    c5189 [label="{{<In0>|<In1>}|\×|{<Out0>}}"]
    c5192 [label="{{<In0>|<In1>}|\×|{<Out0>}}"]
    c5191 [label="{{<In0>|<In1>}|+|{<Out0>}}"]
    c5193 [label="{{<In0>|<In1>}|+|{<Out0>}}"]
    c5188 [label="{In|{<Out0>}}"]
    c5194 [label="{{<In0>|<In1>}|Out}"]
    c0:Out0 -> c5189:In0 [label="Double"]
    c5188:Out0 -> c5189:In1 [label="Double"]
    c0:Out1 -> c5192:In0 [label="Double"]
    c5188:Out0 -> c5192:In1 [label="Double"]
    c5189:Out0 -> c5191:In0 [label="Double"]
    c5189:Out0 -> c5191:In1 [label="Double"]
    c5192:Out0 -> c5193:In0 [label="Double"]
    c5192:Out0 -> c5193:In1 [label="Double"]
    c5191:Out0 -> c5194:In0 [label="Double"]
    c5193:Out0 -> c5194:In1 [label="Double"]
  }
  subgraph clusterc5196 { label=""; color=white; margin=0; c5196 [label="{{<In0>|<In1>}|Out}"] }
  c0:Out1 -> c3792:In0 [label="Double"]
  c0:Out1 -> c3792:In1 [label="Double"]
  c0:Out0 -> c4758:In0 [label="Double"]
  c0:Out0 -> c4758:In1 [label="Double"]
  c3792:Out0 -> c5101:In0 [label="Double"]
  c4758:Out0 -> c5101:In1 [label="Double"]
  c5101:Out0 -> c5196:In0 [label="Double"]
  c5194 -> c5196:In1 [ltail=cluster_5195,label="Double ’ Double × Double"]
}
