((exl . id *** repr . exr . id) . dup) .
second repr .
apply .
(curry
 ((exr ***
   abst . abst . curry mulC . apply . (curry exl . cosC . exl *** exr) . dup) .
  dup) ***
 sinC) .
dup