((exl . id *** repr . exr . id) . dup) .
second repr .
((exl ***
  apply .
  (curry
   (abst .
    apply .
    (curry (abst . apply . (exl *** repr . exr) . dup) .
     curry
     (curry (apply . (exl . exl *** apply . (exr . exl *** exr) . dup) . dup)) .
     repr . repr . exr ***
     exl) .
    dup) .
   repr . exr ***
   abst . abst . curry (addC . exr)) .
  dup) .
 dup) .
((mulC ***
  apply .
  (curry
   (abst .
    apply .
    (curry (abst . apply . (exl *** repr . exr) . dup) .
     curry
     (curry (apply . (exl . exl *** apply . (exr . exl *** exr) . dup) . dup)) .
     repr .
     apply .
     (curry (abst . apply . (exl *** repr . exr) . dup) .
      curry
      (curry
       ((apply . (exl . exl *** exl . exr) . dup ***
         apply . (exr . exl *** exr . exr) . dup) .
        dup)) .
      repr . repr . exl ***
      repr . exr) .
     dup ***
     abst . curry (dup . exr)) .
    dup) .
   abst . abst . curry mulC . exr ***
   abst . abst . curry mulC . exl) .
  dup) .
 dup) .
dup