digraph twice_gradr {
  margin=0
  compound=true
  rankdir=LR
  node [shape=Mrecord]
  edge [fontsize=8,fontcolor=indigo]
  bgcolor=transparent
  nslimit=20
  c0 [label="{In|{<Out0>}}"]
  c1 [label="{{<In0>|<In1>}|+|{<Out0>}}"]
  c30 [label="{2.0|{<Out0>}}"]
  c31 [label="{{<In0>|<In1>}|Out}"]
  c0:Out0 -> c1:In0 [label="Double"]
  c0:Out0 -> c1:In1 [label="Double"]
  c1:Out0 -> c31:In0 [label="Double"]
  c30:Out0 -> c31:In1 [label="Double"]
}
